INFO:127.0.0.1 - - [03/Jan/2021 00:00:09] "[37mGET / HTTP/1.1[0m" 200 -
INFO:127.0.0.1 - - [03/Jan/2021 00:00:09] "[37mGET /static/images/slide-img1.jpg HTTP/1.1[0m" 200 -
INFO:127.0.0.1 - - [03/Jan/2021 00:00:09] "[37mGET /static/images/slide-img3.jpg HTTP/1.1[0m" 200 -
INFO:127.0.0.1 - - [03/Jan/2021 00:00:09] "[37mGET / HTTP/1.1[0m" 200 -
INFO: * Detected change in '/Users/harris/Desktop/Flask/cw2/XJCO2011-CW2/app.py', reloading
INFO:127.0.0.1 - - [03/Jan/2021 00:00:10] "[37mGET / HTTP/1.1[0m" 200 -
INFO:127.0.0.1 - - [03/Jan/2021 00:00:18] "[37mGET /dashboard/ HTTP/1.1[0m" 200 -
INFO:127.0.0.1 - - [03/Jan/2021 00:00:18] "[37mGET /dashboard/ HTTP/1.1[0m" 200 -
INFO:127.0.0.1 - - [03/Jan/2021 00:00:18] "[37mGET /dashboard/ HTTP/1.1[0m" 200 -
INFO:127.0.0.1 - - [03/Jan/2021 00:00:24] "[32mGET /logout/ HTTP/1.1[0m" 302 -
INFO:127.0.0.1 - - [03/Jan/2021 00:00:24] "[37mGET /login/ HTTP/1.1[0m" 200 -
INFO:127.0.0.1 - - [03/Jan/2021 00:00:24] "[37mGET /login/ HTTP/1.1[0m" 200 -
INFO:127.0.0.1 - - [03/Jan/2021 00:00:24] "[37mGET /login/ HTTP/1.1[0m" 200 -
INFO:127.0.0.1 - - [03/Jan/2021 00:14:12] "[32mPOST /login/ HTTP/1.1[0m" 302 -
INFO:127.0.0.1 - - [03/Jan/2021 00:14:12] "[37mGET / HTTP/1.1[0m" 200 -
INFO:127.0.0.1 - - [03/Jan/2021 00:14:12] "[37mGET /static/images/slide-img1.jpg HTTP/1.1[0m" 200 -
INFO:127.0.0.1 - - [03/Jan/2021 00:14:12] "[37mGET /static/images/slide-img2.jpg HTTP/1.1[0m" 200 -
INFO:127.0.0.1 - - [03/Jan/2021 00:14:12] "[37mGET /static/products-images/p2.jpg HTTP/1.1[0m" 200 -
INFO:127.0.0.1 - - [03/Jan/2021 00:14:12] "[37mGET /static/products-images/p1.jpg HTTP/1.1[0m" 200 -
INFO:127.0.0.1 - - [03/Jan/2021 00:14:12] "[37mGET /static/images/slide-img3.jpg HTTP/1.1[0m" 200 -
INFO:127.0.0.1 - - [03/Jan/2021 00:14:12] "[37mGET /static/products-images/p3.jpg HTTP/1.1[0m" 200 -
INFO:127.0.0.1 - - [03/Jan/2021 00:14:12] "[37mGET /static/js/revslider.js HTTP/1.1[0m" 200 -
INFO:127.0.0.1 - - [03/Jan/2021 00:14:12] "[37mGET /static/js/jquery.bxslider.min.js HTTP/1.1[0m" 200 -
INFO:127.0.0.1 - - [03/Jan/2021 00:14:12] "[37mGET /static/js/countdown.js HTTP/1.1[0m" 200 -
INFO:127.0.0.1 - - [03/Jan/2021 00:14:12] "[37mGET /static/images/bg-pattern-img.png HTTP/1.1[0m" 200 -
INFO:127.0.0.1 - - [03/Jan/2021 00:14:12] "[37mGET /static/products-images/p4.jpg HTTP/1.1[0m" 200 -
INFO:127.0.0.1 - - [03/Jan/2021 00:14:12] "[37mGET /static/products-images/p5.jpg HTTP/1.1[0m" 200 -
INFO:127.0.0.1 - - [03/Jan/2021 00:14:12] "[37mGET /static/products-images/p7.jpg HTTP/1.1[0m" 200 -
INFO:127.0.0.1 - - [03/Jan/2021 00:14:12] "[37mGET /static/products-images/p6.jpg HTTP/1.1[0m" 200 -
INFO:127.0.0.1 - - [03/Jan/2021 00:14:12] "[37mGET /static/products-images/p8.jpg HTTP/1.1[0m" 200 -
INFO:127.0.0.1 - - [03/Jan/2021 00:14:12] "[37mGET /static/products-images/p9.jpg HTTP/1.1[0m" 200 -
INFO:127.0.0.1 - - [03/Jan/2021 00:14:12] "[37mGET /static/products-images/p11.jpg HTTP/1.1[0m" 200 -
INFO:127.0.0.1 - - [03/Jan/2021 00:14:12] "[37mGET /static/products-images/p10.jpg HTTP/1.1[0m" 200 -
INFO:127.0.0.1 - - [03/Jan/2021 00:14:12] "[37mGET /static/products-images/p13.jpg HTTP/1.1[0m" 200 -
INFO:127.0.0.1 - - [03/Jan/2021 00:14:12] "[37mGET /static/products-images/p12.jpg HTTP/1.1[0m" 200 -
INFO:127.0.0.1 - - [03/Jan/2021 00:14:12] "[37mGET /static/products-images/p14.jpg HTTP/1.1[0m" 200 -
INFO:127.0.0.1 - - [03/Jan/2021 00:14:12] "[37mGET /static/products-images/p15.jpg HTTP/1.1[0m" 200 -
INFO:127.0.0.1 - - [03/Jan/2021 00:14:12] "[37mGET /static/products-images/p16.jpg HTTP/1.1[0m" 200 -
INFO:127.0.0.1 - - [03/Jan/2021 00:14:12] "[37mGET /static/products-images/p17.jpg HTTP/1.1[0m" 200 -
INFO:127.0.0.1 - - [03/Jan/2021 00:14:12] "[37mGET /static/products-images/p18.jpg HTTP/1.1[0m" 200 -
INFO:127.0.0.1 - - [03/Jan/2021 00:14:12] "[37mGET /static/products-images/p19.jpg HTTP/1.1[0m" 200 -
INFO:127.0.0.1 - - [03/Jan/2021 00:14:12] "[37mGET /static/products-images/p20.jpg HTTP/1.1[0m" 200 -
INFO:127.0.0.1 - - [03/Jan/2021 00:14:12] "[37mGET /static/images/member3.png HTTP/1.1[0m" 200 -
INFO:127.0.0.1 - - [03/Jan/2021 00:14:12] "[37mGET /static/images/member2.png HTTP/1.1[0m" 200 -
INFO:127.0.0.1 - - [03/Jan/2021 00:14:12] "[37mGET /static/images/member1.png HTTP/1.1[0m" 200 -
INFO:127.0.0.1 - - [03/Jan/2021 00:14:12] "[37mGET /static/images/blog-img2.jpg HTTP/1.1[0m" 200 -
INFO:127.0.0.1 - - [03/Jan/2021 00:14:12] "[37mGET /static/images/blog-img1.jpg HTTP/1.1[0m" 200 -
INFO:127.0.0.1 - - [03/Jan/2021 00:14:12] "[37mGET /static/images/blog-img3.jpg HTTP/1.1[0m" 200 -
INFO:127.0.0.1 - - [03/Jan/2021 00:14:13] "[37mGET /static/images/bkg_rating.png HTTP/1.1[0m" 200 -
INFO:127.0.0.1 - - [03/Jan/2021 00:14:13] "[37mGET /static/images/slider-07.jpg HTTP/1.1[0m" 200 -
INFO:127.0.0.1 - - [03/Jan/2021 00:14:13] "[37mGET /static/images/testimonial-icon.png HTTP/1.1[0m" 200 -
INFO:127.0.0.1 - - [03/Jan/2021 00:14:13] "[37mGET /static/images/left-a.png HTTP/1.1[0m" 200 -
INFO:127.0.0.1 - - [03/Jan/2021 00:14:13] "[37mGET /static/images/right-a.png HTTP/1.1[0m" 200 -
INFO:127.0.0.1 - - [03/Jan/2021 00:14:13] "[37mGET / HTTP/1.1[0m" 200 -
INFO:127.0.0.1 - - [03/Jan/2021 00:14:13] "[37mGET / HTTP/1.1[0m" 200 -
INFO:127.0.0.1 - - [03/Jan/2021 00:14:18] "[37mGET /grid/ HTTP/1.1[0m" 200 -
INFO:127.0.0.1 - - [03/Jan/2021 00:14:18] "[37mGET /static/images/category-img1.jpg HTTP/1.1[0m" 200 -
INFO:127.0.0.1 - - [03/Jan/2021 00:14:18] "[37mGET /static/images/category-img2.jpg HTTP/1.1[0m" 200 -
INFO:127.0.0.1 - - [03/Jan/2021 00:14:18] "[37mGET /static/images/slide3.jpg HTTP/1.1[0m" 200 -
INFO:127.0.0.1 - - [03/Jan/2021 00:14:18] "[37mGET /static/images/slide2.jpg HTTP/1.1[0m" 200 -
INFO:127.0.0.1 - - [03/Jan/2021 00:14:18] "[37mGET /static/images/slide1.jpg HTTP/1.1[0m" 200 -
INFO:127.0.0.1 - - [03/Jan/2021 00:14:18] "[37mGET /static/images/icon_grid_act.png HTTP/1.1[0m" 200 -
INFO:127.0.0.1 - - [03/Jan/2021 00:14:18] "[37mGET /grid/ HTTP/1.1[0m" 200 -
INFO:127.0.0.1 - - [03/Jan/2021 00:14:18] "[37mGET /grid/ HTTP/1.1[0m" 200 -
INFO:127.0.0.1 - - [03/Jan/2021 00:14:23] "[37mPOST /addcart/ HTTP/1.1[0m" 200 -
INFO:127.0.0.1 - - [03/Jan/2021 00:14:23] "[37mGET /grid/ HTTP/1.1[0m" 200 -
INFO:127.0.0.1 - - [03/Jan/2021 00:14:23] "[37mGET /static/images/btn_remove.png HTTP/1.1[0m" 200 -
INFO:127.0.0.1 - - [03/Jan/2021 00:14:23] "[37mGET /grid/ HTTP/1.1[0m" 200 -
INFO:127.0.0.1 - - [03/Jan/2021 00:14:23] "[37mGET /grid/ HTTP/1.1[0m" 200 -
INFO:127.0.0.1 - - [03/Jan/2021 00:14:25] "[37mPOST /addcart/ HTTP/1.1[0m" 200 -
INFO:127.0.0.1 - - [03/Jan/2021 00:14:25] "[37mGET /grid/ HTTP/1.1[0m" 200 -
INFO:127.0.0.1 - - [03/Jan/2021 00:14:25] "[37mGET /grid/ HTTP/1.1[0m" 200 -
INFO:127.0.0.1 - - [03/Jan/2021 00:14:25] "[37mGET /grid/ HTTP/1.1[0m" 200 -
INFO:127.0.0.1 - - [03/Jan/2021 00:14:28] "[37mGET /cart/ HTTP/1.1[0m" 200 -
INFO:127.0.0.1 - - [03/Jan/2021 00:14:28] "[37mGET /static/js/jquery.flexslider.js HTTP/1.1[0m" 200 -
INFO:127.0.0.1 - - [03/Jan/2021 00:14:28] "[37mGET /cart/ HTTP/1.1[0m" 200 -
INFO:127.0.0.1 - - [03/Jan/2021 00:14:28] "[37mGET /cart/ HTTP/1.1[0m" 200 -
INFO:127.0.0.1 - - [03/Jan/2021 00:27:30] "[37mGET /dashboard/ HTTP/1.1[0m" 200 -
INFO:127.0.0.1 - - [03/Jan/2021 00:27:30] "[37mGET /dashboard/ HTTP/1.1[0m" 200 -
INFO:127.0.0.1 - - [03/Jan/2021 00:27:30] "[37mGET /dashboard/ HTTP/1.1[0m" 200 -
INFO:127.0.0.1 - - [03/Jan/2021 00:28:00] "[32mGET /logout/ HTTP/1.1[0m" 302 -
INFO:127.0.0.1 - - [03/Jan/2021 00:28:00] "[37mGET /login/ HTTP/1.1[0m" 200 -
INFO:127.0.0.1 - - [03/Jan/2021 00:28:00] "[37mGET /static/stylesheet/bootstrap.min.css HTTP/1.1[0m" 200 -
INFO:127.0.0.1 - - [03/Jan/2021 00:28:00] "[37mGET /static/stylesheet/font-awesome.css HTTP/1.1[0m" 200 -
INFO:127.0.0.1 - - [03/Jan/2021 00:28:00] "[37mGET /static/stylesheet/revslider.css HTTP/1.1[0m" 200 -
INFO:127.0.0.1 - - [03/Jan/2021 00:28:00] "[37mGET /static/stylesheet/jquery.mobile-menu.css HTTP/1.1[0m" 200 -
INFO:127.0.0.1 - - [03/Jan/2021 00:28:00] "[37mGET /static/stylesheet/owl.theme.css HTTP/1.1[0m" 200 -
INFO:127.0.0.1 - - [03/Jan/2021 00:28:00] "[37mGET /static/stylesheet/jquery.bxslider.css HTTP/1.1[0m" 200 -
INFO:127.0.0.1 - - [03/Jan/2021 00:28:00] "[37mGET /static/stylesheet/style.css HTTP/1.1[0m" 200 -
INFO:127.0.0.1 - - [03/Jan/2021 00:28:00] "[37mGET /static/stylesheet/owl.carousel.css HTTP/1.1[0m" 200 -
INFO:127.0.0.1 - - [03/Jan/2021 00:28:00] "[37mGET /static/stylesheet/responsive.css HTTP/1.1[0m" 200 -
INFO:127.0.0.1 - - [03/Jan/2021 00:28:00] "[37mGET /login/ HTTP/1.1[0m" 200 -
INFO:127.0.0.1 - - [03/Jan/2021 00:28:00] "[37mGET /login/ HTTP/1.1[0m" 200 -
INFO:127.0.0.1 - - [03/Jan/2021 00:29:55] "[37mGET /register/ HTTP/1.1[0m" 200 -
INFO:127.0.0.1 - - [03/Jan/2021 00:29:55] "[37mGET /register/ HTTP/1.1[0m" 200 -
INFO:127.0.0.1 - - [03/Jan/2021 00:29:55] "[37mGET /register/ HTTP/1.1[0m" 200 -
INFO:127.0.0.1 - - [03/Jan/2021 00:52:13] "[37mGET /login/ HTTP/1.1[0m" 200 -
INFO:127.0.0.1 - - [03/Jan/2021 00:52:13] "[37mGET /login/ HTTP/1.1[0m" 200 -
INFO:127.0.0.1 - - [03/Jan/2021 00:52:13] "[37mGET /login/ HTTP/1.1[0m" 200 -
INFO:127.0.0.1 - - [03/Jan/2021 00:56:05] "[37mGET /login/ HTTP/1.1[0m" 200 -
INFO:127.0.0.1 - - [03/Jan/2021 00:56:05] "[37mGET /login/ HTTP/1.1[0m" 200 -
INFO:127.0.0.1 - - [03/Jan/2021 00:56:05] "[37mGET /login/ HTTP/1.1[0m" 200 -
INFO:127.0.0.1 - - [03/Jan/2021 00:59:33] "[37mGET /login/ HTTP/1.1[0m" 200 -
INFO:127.0.0.1 - - [03/Jan/2021 00:59:33] "[37mGET /login/ HTTP/1.1[0m" 200 -
INFO:127.0.0.1 - - [03/Jan/2021 00:59:33] "[37mGET /login/ HTTP/1.1[0m" 200 -
INFO:127.0.0.1 - - [03/Jan/2021 01:00:35] "[37mGET /login/ HTTP/1.1[0m" 200 -
INFO:127.0.0.1 - - [03/Jan/2021 01:00:35] "[37mGET /login/ HTTP/1.1[0m" 200 -
INFO:127.0.0.1 - - [03/Jan/2021 01:00:35] "[37mGET /login/ HTTP/1.1[0m" 200 -
INFO:127.0.0.1 - - [03/Jan/2021 01:02:03] "[37mGET /login/ HTTP/1.1[0m" 200 -
INFO:127.0.0.1 - - [03/Jan/2021 01:02:03] "[37mGET /login/ HTTP/1.1[0m" 200 -
INFO:127.0.0.1 - - [03/Jan/2021 01:02:03] "[37mGET /login/ HTTP/1.1[0m" 200 -
INFO:127.0.0.1 - - [03/Jan/2021 01:03:03] "[37mGET /login/ HTTP/1.1[0m" 200 -
INFO:127.0.0.1 - - [03/Jan/2021 01:03:03] "[37mGET /static/stylesheet/bootstrap.min.css HTTP/1.1[0m" 200 -
INFO:127.0.0.1 - - [03/Jan/2021 01:03:03] "[37mGET /static/stylesheet/font-awesome.css HTTP/1.1[0m" 200 -
INFO:127.0.0.1 - - [03/Jan/2021 01:03:03] "[37mGET /static/stylesheet/owl.carousel.css HTTP/1.1[0m" 200 -
INFO:127.0.0.1 - - [03/Jan/2021 01:03:03] "[37mGET /static/stylesheet/revslider.css HTTP/1.1[0m" 200 -
INFO:127.0.0.1 - - [03/Jan/2021 01:03:03] "[37mGET /static/stylesheet/jquery.bxslider.css HTTP/1.1[0m" 200 -
INFO:127.0.0.1 - - [03/Jan/2021 01:03:03] "[37mGET /static/stylesheet/owl.theme.css HTTP/1.1[0m" 200 -
INFO:127.0.0.1 - - [03/Jan/2021 01:03:03] "[37mGET /static/stylesheet/jquery.mobile-menu.css HTTP/1.1[0m" 200 -
INFO:127.0.0.1 - - [03/Jan/2021 01:03:03] "[37mGET /static/stylesheet/responsive.css HTTP/1.1[0m" 200 -
INFO:127.0.0.1 - - [03/Jan/2021 01:03:03] "[37mGET /static/stylesheet/style.css HTTP/1.1[0m" 200 -
INFO:127.0.0.1 - - [03/Jan/2021 01:03:03] "[37mGET /static/js/jquery-3.4.1.js HTTP/1.1[0m" 200 -
INFO:127.0.0.1 - - [03/Jan/2021 01:03:03] "[37mGET /static/js/bootstrap.min.js HTTP/1.1[0m" 200 -
INFO:127.0.0.1 - - [03/Jan/2021 01:03:03] "[37mGET /static/stylesheet/passwd-strength.css HTTP/1.1[0m" 200 -
INFO:127.0.0.1 - - [03/Jan/2021 01:03:03] "[37mGET /static/js/ADajax.js HTTP/1.1[0m" 200 -
INFO:127.0.0.1 - - [03/Jan/2021 01:03:03] "[37mGET /static/js/common.js HTTP/1.1[0m" 200 -
INFO:127.0.0.1 - - [03/Jan/2021 01:03:03] "[37mGET /static/js/owl.carousel.min.js HTTP/1.1[0m" 200 -
INFO:127.0.0.1 - - [03/Jan/2021 01:03:03] "[37mGET /static/js/jquery.mobile-menu.min.js HTTP/1.1[0m" 200 -
INFO:127.0.0.1 - - [03/Jan/2021 01:03:03] "[37mGET /static/js/passwd-strength.js HTTP/1.1[0m" 200 -
INFO:127.0.0.1 - - [03/Jan/2021 01:03:03] "[37mGET /static/images/logo.png HTTP/1.1[0m" 200 -
INFO:127.0.0.1 - - [03/Jan/2021 01:03:03] "[37mGET /static/images/custom-img1.png HTTP/1.1[0m" 200 -
INFO:127.0.0.1 - - [03/Jan/2021 01:03:03] "[37mGET /static/images/custom-img2.png HTTP/1.1[0m" 200 -
INFO:127.0.0.1 - - [03/Jan/2021 01:03:03] "[37mGET /static/images/custom-img3.png HTTP/1.1[0m" 200 -
INFO:127.0.0.1 - - [03/Jan/2021 01:03:03] "[37mGET /static/images/custom-img4.png HTTP/1.1[0m" 200 -
INFO:127.0.0.1 - - [03/Jan/2021 01:03:03] "[37mGET /static/images/payment-1.png HTTP/1.1[0m" 200 -
INFO:127.0.0.1 - - [03/Jan/2021 01:03:03] "[37mGET /static/images/payment-2.png HTTP/1.1[0m" 200 -
INFO:127.0.0.1 - - [03/Jan/2021 01:03:03] "[37mGET /static/images/payment-3.png HTTP/1.1[0m" 200 -
INFO:127.0.0.1 - - [03/Jan/2021 01:03:03] "[37mGET /static/images/payment-4.png HTTP/1.1[0m" 200 -
INFO:127.0.0.1 - - [03/Jan/2021 01:03:03] "[37mGET /static/images/background_hero.jpg HTTP/1.1[0m" 200 -
INFO:127.0.0.1 - - [03/Jan/2021 01:03:03] "[37mGET /static/images/dot-repeat.svg HTTP/1.1[0m" 200 -
INFO:127.0.0.1 - - [03/Jan/2021 01:03:03] "[37mGET /static/images/open_eye.png HTTP/1.1[0m" 200 -
INFO:127.0.0.1 - - [03/Jan/2021 01:03:03] "[37mGET /static/images/lines.svg HTTP/1.1[0m" 200 -
INFO:127.0.0.1 - - [03/Jan/2021 01:03:03] "[37mGET /static/webfonts/fa-regular-400.woff2 HTTP/1.1[0m" 200 -
INFO:127.0.0.1 - - [03/Jan/2021 01:03:03] "[37mGET /static/webfonts/fa-brands-400.woff2 HTTP/1.1[0m" 200 -
INFO:127.0.0.1 - - [03/Jan/2021 01:03:03] "[37mGET /static/webfonts/fa-solid-900.woff2 HTTP/1.1[0m" 200 -
INFO:127.0.0.1 - - [03/Jan/2021 01:03:04] "[37mGET /login/ HTTP/1.1[0m" 200 -
INFO:127.0.0.1 - - [03/Jan/2021 01:03:04] "[37mGET /login/ HTTP/1.1[0m" 200 -
INFO:127.0.0.1 - - [03/Jan/2021 01:04:54] "[37mGET /login/ HTTP/1.1[0m" 200 -
INFO:127.0.0.1 - - [03/Jan/2021 01:04:54] "[37mGET /static/stylesheet/bootstrap.min.css HTTP/1.1[0m" 200 -
INFO:127.0.0.1 - - [03/Jan/2021 01:04:54] "[37mGET /static/stylesheet/jquery.bxslider.css HTTP/1.1[0m" 200 -
INFO:127.0.0.1 - - [03/Jan/2021 01:04:54] "[37mGET /static/stylesheet/owl.carousel.css HTTP/1.1[0m" 200 -
INFO:127.0.0.1 - - [03/Jan/2021 01:04:54] "[37mGET /static/stylesheet/font-awesome.css HTTP/1.1[0m" 200 -
INFO:127.0.0.1 - - [03/Jan/2021 01:04:54] "[37mGET /static/stylesheet/owl.theme.css HTTP/1.1[0m" 200 -
INFO:127.0.0.1 - - [03/Jan/2021 01:04:54] "[37mGET /static/stylesheet/revslider.css HTTP/1.1[0m" 200 -
INFO:127.0.0.1 - - [03/Jan/2021 01:04:54] "[37mGET /static/stylesheet/jquery.mobile-menu.css HTTP/1.1[0m" 200 -
INFO:127.0.0.1 - - [03/Jan/2021 01:04:54] "[37mGET /static/stylesheet/responsive.css HTTP/1.1[0m" 200 -
INFO:127.0.0.1 - - [03/Jan/2021 01:04:54] "[37mGET /static/stylesheet/passwd-strength.css HTTP/1.1[0m" 200 -
INFO:127.0.0.1 - - [03/Jan/2021 01:04:54] "[37mGET /static/js/bootstrap.min.js HTTP/1.1[0m" 200 -
INFO:127.0.0.1 - - [03/Jan/2021 01:04:54] "[37mGET /static/stylesheet/style.css HTTP/1.1[0m" 200 -
INFO:127.0.0.1 - - [03/Jan/2021 01:04:54] "[37mGET /static/js/jquery-3.4.1.js HTTP/1.1[0m" 200 -
INFO:127.0.0.1 - - [03/Jan/2021 01:04:54] "[37mGET /static/js/ADajax.js HTTP/1.1[0m" 200 -
INFO:127.0.0.1 - - [03/Jan/2021 01:04:54] "[37mGET /static/js/owl.carousel.min.js HTTP/1.1[0m" 200 -
INFO:127.0.0.1 - - [03/Jan/2021 01:04:54] "[37mGET /static/js/common.js HTTP/1.1[0m" 200 -
INFO:127.0.0.1 - - [03/Jan/2021 01:04:54] "[37mGET /static/js/jquery.mobile-menu.min.js HTTP/1.1[0m" 200 -
INFO:127.0.0.1 - - [03/Jan/2021 01:04:54] "[37mGET /static/js/passwd-strength.js HTTP/1.1[0m" 200 -
INFO:127.0.0.1 - - [03/Jan/2021 01:04:54] "[37mGET /static/images/custom-img1.png HTTP/1.1[0m" 200 -
INFO:127.0.0.1 - - [03/Jan/2021 01:04:54] "[37mGET /static/images/logo.png HTTP/1.1[0m" 200 -
INFO:127.0.0.1 - - [03/Jan/2021 01:04:54] "[37mGET /static/images/custom-img2.png HTTP/1.1[0m" 200 -
INFO:127.0.0.1 - - [03/Jan/2021 01:04:54] "[37mGET /static/images/custom-img4.png HTTP/1.1[0m" 200 -
INFO:127.0.0.1 - - [03/Jan/2021 01:04:54] "[37mGET /static/images/custom-img3.png HTTP/1.1[0m" 200 -
INFO:127.0.0.1 - - [03/Jan/2021 01:04:54] "[37mGET /static/images/payment-1.png HTTP/1.1[0m" 200 -
INFO:127.0.0.1 - - [03/Jan/2021 01:04:54] "[37mGET /static/images/payment-2.png HTTP/1.1[0m" 200 -
INFO:127.0.0.1 - - [03/Jan/2021 01:04:54] "[37mGET /static/images/payment-4.png HTTP/1.1[0m" 200 -
INFO:127.0.0.1 - - [03/Jan/2021 01:04:54] "[37mGET /static/images/payment-3.png HTTP/1.1[0m" 200 -
INFO:127.0.0.1 - - [03/Jan/2021 01:04:54] "[37mGET /static/images/open_eye.png HTTP/1.1[0m" 200 -
INFO:127.0.0.1 - - [03/Jan/2021 01:04:54] "[37mGET /static/images/background_hero.jpg HTTP/1.1[0m" 200 -
INFO:127.0.0.1 - - [03/Jan/2021 01:04:54] "[37mGET /static/images/dot-repeat.svg HTTP/1.1[0m" 200 -
INFO:127.0.0.1 - - [03/Jan/2021 01:04:54] "[37mGET /static/images/lines.svg HTTP/1.1[0m" 200 -
INFO:127.0.0.1 - - [03/Jan/2021 01:04:54] "[37mGET /static/webfonts/fa-regular-400.woff2 HTTP/1.1[0m" 200 -
INFO:127.0.0.1 - - [03/Jan/2021 01:04:54] "[37mGET /static/webfonts/fa-brands-400.woff2 HTTP/1.1[0m" 200 -
INFO:127.0.0.1 - - [03/Jan/2021 01:04:54] "[37mGET /static/webfonts/fa-solid-900.woff2 HTTP/1.1[0m" 200 -
INFO:127.0.0.1 - - [03/Jan/2021 01:04:54] "[37mGET /login/ HTTP/1.1[0m" 200 -
INFO:127.0.0.1 - - [03/Jan/2021 01:04:54] "[37mGET /login/ HTTP/1.1[0m" 200 -
INFO:127.0.0.1 - - [03/Jan/2021 01:09:15] "[37mGET /login/ HTTP/1.1[0m" 200 -
INFO:127.0.0.1 - - [03/Jan/2021 01:09:15] "[37mGET /static/stylesheet/font-awesome.css HTTP/1.1[0m" 200 -
INFO:127.0.0.1 - - [03/Jan/2021 01:09:15] "[37mGET /static/stylesheet/revslider.css HTTP/1.1[0m" 200 -
INFO:127.0.0.1 - - [03/Jan/2021 01:09:15] "[37mGET /static/stylesheet/bootstrap.min.css HTTP/1.1[0m" 200 -
INFO:127.0.0.1 - - [03/Jan/2021 01:09:15] "[37mGET /static/stylesheet/jquery.bxslider.css HTTP/1.1[0m" 200 -
INFO:127.0.0.1 - - [03/Jan/2021 01:09:15] "[37mGET /static/stylesheet/owl.carousel.css HTTP/1.1[0m" 200 -
INFO:127.0.0.1 - - [03/Jan/2021 01:09:15] "[37mGET /static/stylesheet/owl.theme.css HTTP/1.1[0m" 200 -
INFO:127.0.0.1 - - [03/Jan/2021 01:09:15] "[37mGET /static/stylesheet/jquery.mobile-menu.css HTTP/1.1[0m" 200 -
INFO:127.0.0.1 - - [03/Jan/2021 01:09:15] "[37mGET /static/stylesheet/responsive.css HTTP/1.1[0m" 200 -
INFO:127.0.0.1 - - [03/Jan/2021 01:09:15] "[37mGET /static/stylesheet/passwd-strength.css HTTP/1.1[0m" 200 -
INFO:127.0.0.1 - - [03/Jan/2021 01:09:15] "[37mGET /static/stylesheet/style.css HTTP/1.1[0m" 200 -
INFO:127.0.0.1 - - [03/Jan/2021 01:09:15] "[37mGET /static/js/jquery-3.4.1.js HTTP/1.1[0m" 200 -
INFO:127.0.0.1 - - [03/Jan/2021 01:09:15] "[37mGET /static/js/bootstrap.min.js HTTP/1.1[0m" 200 -
INFO:127.0.0.1 - - [03/Jan/2021 01:09:15] "[37mGET /static/js/common.js HTTP/1.1[0m" 200 -
INFO:127.0.0.1 - - [03/Jan/2021 01:09:15] "[37mGET /static/js/ADajax.js HTTP/1.1[0m" 200 -
INFO:127.0.0.1 - - [03/Jan/2021 01:09:15] "[37mGET /static/js/owl.carousel.min.js HTTP/1.1[0m" 200 -
INFO:127.0.0.1 - - [03/Jan/2021 01:09:15] "[37mGET /static/js/jquery.mobile-menu.min.js HTTP/1.1[0m" 200 -
INFO:127.0.0.1 - - [03/Jan/2021 01:09:15] "[37mGET /static/js/passwd-strength.js HTTP/1.1[0m" 200 -
INFO:127.0.0.1 - - [03/Jan/2021 01:09:15] "[37mGET /static/images/logo.png HTTP/1.1[0m" 200 -
INFO:127.0.0.1 - - [03/Jan/2021 01:09:15] "[37mGET /static/images/custom-img3.png HTTP/1.1[0m" 200 -
INFO:127.0.0.1 - - [03/Jan/2021 01:09:15] "[37mGET /static/images/custom-img2.png HTTP/1.1[0m" 200 -
INFO:127.0.0.1 - - [03/Jan/2021 01:09:15] "[37mGET /static/images/custom-img1.png HTTP/1.1[0m" 200 -
INFO:127.0.0.1 - - [03/Jan/2021 01:09:15] "[37mGET /static/images/custom-img4.png HTTP/1.1[0m" 200 -
INFO:127.0.0.1 - - [03/Jan/2021 01:09:15] "[37mGET /static/images/payment-1.png HTTP/1.1[0m" 200 -
INFO:127.0.0.1 - - [03/Jan/2021 01:09:15] "[37mGET /static/images/payment-2.png HTTP/1.1[0m" 200 -
INFO:127.0.0.1 - - [03/Jan/2021 01:09:15] "[37mGET /static/images/payment-4.png HTTP/1.1[0m" 200 -
INFO:127.0.0.1 - - [03/Jan/2021 01:09:15] "[37mGET /static/images/payment-3.png HTTP/1.1[0m" 200 -
INFO:127.0.0.1 - - [03/Jan/2021 01:09:15] "[37mGET /static/images/open_eye.png HTTP/1.1[0m" 200 -
INFO:127.0.0.1 - - [03/Jan/2021 01:09:15] "[37mGET /static/images/dot-repeat.svg HTTP/1.1[0m" 200 -
INFO:127.0.0.1 - - [03/Jan/2021 01:09:15] "[37mGET /static/images/background_hero.jpg HTTP/1.1[0m" 200 -
INFO:127.0.0.1 - - [03/Jan/2021 01:09:15] "[37mGET /static/webfonts/fa-solid-900.woff2 HTTP/1.1[0m" 200 -
INFO:127.0.0.1 - - [03/Jan/2021 01:09:15] "[37mGET /static/webfonts/fa-regular-400.woff2 HTTP/1.1[0m" 200 -
INFO:127.0.0.1 - - [03/Jan/2021 01:09:15] "[37mGET /static/images/lines.svg HTTP/1.1[0m" 200 -
INFO:127.0.0.1 - - [03/Jan/2021 01:09:15] "[37mGET /static/webfonts/fa-brands-400.woff2 HTTP/1.1[0m" 200 -
INFO:127.0.0.1 - - [03/Jan/2021 01:09:16] "[37mGET /login/ HTTP/1.1[0m" 200 -
INFO:127.0.0.1 - - [03/Jan/2021 01:09:16] "[37mGET /login/ HTTP/1.1[0m" 200 -
INFO:127.0.0.1 - - [03/Jan/2021 01:10:58] "[37mGET /login/ HTTP/1.1[0m" 200 -
INFO:127.0.0.1 - - [03/Jan/2021 01:10:58] "[37mGET /static/stylesheet/bootstrap.min.css HTTP/1.1[0m" 200 -
INFO:127.0.0.1 - - [03/Jan/2021 01:10:58] "[37mGET /static/stylesheet/font-awesome.css HTTP/1.1[0m" 200 -
INFO:127.0.0.1 - - [03/Jan/2021 01:10:58] "[37mGET /static/stylesheet/owl.theme.css HTTP/1.1[0m" 200 -
INFO:127.0.0.1 - - [03/Jan/2021 01:10:58] "[37mGET /static/stylesheet/revslider.css HTTP/1.1[0m" 200 -
INFO:127.0.0.1 - - [03/Jan/2021 01:10:58] "[37mGET /static/stylesheet/jquery.bxslider.css HTTP/1.1[0m" 200 -
INFO:127.0.0.1 - - [03/Jan/2021 01:10:58] "[37mGET /static/stylesheet/owl.carousel.css HTTP/1.1[0m" 200 -
INFO:127.0.0.1 - - [03/Jan/2021 01:10:58] "[37mGET /static/stylesheet/jquery.mobile-menu.css HTTP/1.1[0m" 200 -
INFO:127.0.0.1 - - [03/Jan/2021 01:10:58] "[37mGET /static/stylesheet/responsive.css HTTP/1.1[0m" 200 -
INFO:127.0.0.1 - - [03/Jan/2021 01:10:58] "[37mGET /static/stylesheet/style.css HTTP/1.1[0m" 200 -
INFO:127.0.0.1 - - [03/Jan/2021 01:10:58] "[37mGET /static/js/jquery-3.4.1.js HTTP/1.1[0m" 200 -
INFO:127.0.0.1 - - [03/Jan/2021 01:10:58] "[37mGET /static/stylesheet/passwd-strength.css HTTP/1.1[0m" 200 -
INFO:127.0.0.1 - - [03/Jan/2021 01:10:58] "[37mGET /static/js/bootstrap.min.js HTTP/1.1[0m" 200 -
INFO:127.0.0.1 - - [03/Jan/2021 01:10:58] "[37mGET /static/js/ADajax.js HTTP/1.1[0m" 200 -
INFO:127.0.0.1 - - [03/Jan/2021 01:10:58] "[37mGET /static/js/common.js HTTP/1.1[0m" 200 -
INFO:127.0.0.1 - - [03/Jan/2021 01:10:58] "[37mGET /static/js/owl.carousel.min.js HTTP/1.1[0m" 200 -
INFO:127.0.0.1 - - [03/Jan/2021 01:10:58] "[37mGET /static/js/passwd-strength.js HTTP/1.1[0m" 200 -
INFO:127.0.0.1 - - [03/Jan/2021 01:10:58] "[37mGET /static/js/jquery.mobile-menu.min.js HTTP/1.1[0m" 200 -
INFO:127.0.0.1 - - [03/Jan/2021 01:10:58] "[37mGET /static/images/custom-img1.png HTTP/1.1[0m" 200 -
INFO:127.0.0.1 - - [03/Jan/2021 01:10:58] "[37mGET /static/images/logo.png HTTP/1.1[0m" 200 -
INFO:127.0.0.1 - - [03/Jan/2021 01:10:58] "[37mGET /static/images/custom-img2.png HTTP/1.1[0m" 200 -
INFO:127.0.0.1 - - [03/Jan/2021 01:10:58] "[37mGET /static/images/custom-img4.png HTTP/1.1[0m" 200 -
INFO:127.0.0.1 - - [03/Jan/2021 01:10:58] "[37mGET /static/images/custom-img3.png HTTP/1.1[0m" 200 -
INFO:127.0.0.1 - - [03/Jan/2021 01:10:58] "[37mGET /static/images/payment-2.png HTTP/1.1[0m" 200 -
INFO:127.0.0.1 - - [03/Jan/2021 01:10:58] "[37mGET /static/images/payment-1.png HTTP/1.1[0m" 200 -
INFO:127.0.0.1 - - [03/Jan/2021 01:10:58] "[37mGET /static/images/payment-3.png HTTP/1.1[0m" 200 -
INFO:127.0.0.1 - - [03/Jan/2021 01:10:58] "[37mGET /static/images/payment-4.png HTTP/1.1[0m" 200 -
INFO:127.0.0.1 - - [03/Jan/2021 01:10:59] "[37mGET /static/images/open_eye.png HTTP/1.1[0m" 200 -
INFO:127.0.0.1 - - [03/Jan/2021 01:10:59] "[37mGET /static/images/background_hero.jpg HTTP/1.1[0m" 200 -
INFO:127.0.0.1 - - [03/Jan/2021 01:10:59] "[37mGET /static/images/dot-repeat.svg HTTP/1.1[0m" 200 -
INFO:127.0.0.1 - - [03/Jan/2021 01:10:59] "[37mGET /static/images/lines.svg HTTP/1.1[0m" 200 -
INFO:127.0.0.1 - - [03/Jan/2021 01:10:59] "[37mGET /static/webfonts/fa-regular-400.woff2 HTTP/1.1[0m" 200 -
INFO:127.0.0.1 - - [03/Jan/2021 01:10:59] "[37mGET /static/webfonts/fa-solid-900.woff2 HTTP/1.1[0m" 200 -
INFO:127.0.0.1 - - [03/Jan/2021 01:10:59] "[37mGET /static/webfonts/fa-brands-400.woff2 HTTP/1.1[0m" 200 -
INFO:127.0.0.1 - - [03/Jan/2021 01:10:59] "[37mGET /login/ HTTP/1.1[0m" 200 -
INFO:127.0.0.1 - - [03/Jan/2021 01:10:59] "[37mGET /login/ HTTP/1.1[0m" 200 -
INFO:127.0.0.1 - - [03/Jan/2021 01:11:01] "[37mGET /static/images/to-top-arrow.png HTTP/1.1[0m" 200 -
INFO:127.0.0.1 - - [03/Jan/2021 01:11:11] "[37mGET /login/ HTTP/1.1[0m" 200 -
INFO:127.0.0.1 - - [03/Jan/2021 01:11:11] "[37mGET /static/stylesheet/bootstrap.min.css HTTP/1.1[0m" 200 -
INFO:127.0.0.1 - - [03/Jan/2021 01:11:11] "[37mGET /static/stylesheet/revslider.css HTTP/1.1[0m" 200 -
INFO:127.0.0.1 - - [03/Jan/2021 01:11:11] "[37mGET /static/stylesheet/owl.carousel.css HTTP/1.1[0m" 200 -
INFO:127.0.0.1 - - [03/Jan/2021 01:11:11] "[37mGET /static/stylesheet/font-awesome.css HTTP/1.1[0m" 200 -
INFO:127.0.0.1 - - [03/Jan/2021 01:11:11] "[37mGET /static/stylesheet/owl.theme.css HTTP/1.1[0m" 200 -
INFO:127.0.0.1 - - [03/Jan/2021 01:11:11] "[37mGET /static/stylesheet/jquery.bxslider.css HTTP/1.1[0m" 200 -
INFO:127.0.0.1 - - [03/Jan/2021 01:11:11] "[37mGET /static/stylesheet/jquery.mobile-menu.css HTTP/1.1[0m" 200 -
INFO:127.0.0.1 - - [03/Jan/2021 01:11:11] "[37mGET /static/stylesheet/style.css HTTP/1.1[0m" 200 -
INFO:127.0.0.1 - - [03/Jan/2021 01:11:11] "[37mGET /static/stylesheet/passwd-strength.css HTTP/1.1[0m" 200 -
INFO:127.0.0.1 - - [03/Jan/2021 01:11:11] "[37mGET /static/stylesheet/responsive.css HTTP/1.1[0m" 200 -
INFO:127.0.0.1 - - [03/Jan/2021 01:11:11] "[37mGET /static/js/jquery-3.4.1.js HTTP/1.1[0m" 200 -
INFO:127.0.0.1 - - [03/Jan/2021 01:11:12] "[37mGET /static/js/bootstrap.min.js HTTP/1.1[0m" 200 -
INFO:127.0.0.1 - - [03/Jan/2021 01:11:12] "[37mGET /static/js/ADajax.js HTTP/1.1[0m" 200 -
INFO:127.0.0.1 - - [03/Jan/2021 01:11:12] "[37mGET /static/js/common.js HTTP/1.1[0m" 200 -
INFO:127.0.0.1 - - [03/Jan/2021 01:11:12] "[37mGET /static/js/owl.carousel.min.js HTTP/1.1[0m" 200 -
INFO:127.0.0.1 - - [03/Jan/2021 01:11:12] "[37mGET /static/js/passwd-strength.js HTTP/1.1[0m" 200 -
INFO:127.0.0.1 - - [03/Jan/2021 01:11:12] "[37mGET /static/js/jquery.mobile-menu.min.js HTTP/1.1[0m" 200 -
INFO:127.0.0.1 - - [03/Jan/2021 01:11:12] "[37mGET /static/images/logo.png HTTP/1.1[0m" 200 -
INFO:127.0.0.1 - - [03/Jan/2021 01:11:12] "[37mGET /static/images/custom-img1.png HTTP/1.1[0m" 200 -
INFO:127.0.0.1 - - [03/Jan/2021 01:11:12] "[37mGET /static/images/custom-img2.png HTTP/1.1[0m" 200 -
INFO:127.0.0.1 - - [03/Jan/2021 01:11:12] "[37mGET /static/images/custom-img3.png HTTP/1.1[0m" 200 -
INFO:127.0.0.1 - - [03/Jan/2021 01:11:12] "[37mGET /static/images/custom-img4.png HTTP/1.1[0m" 200 -
INFO:127.0.0.1 - - [03/Jan/2021 01:11:12] "[37mGET /static/images/payment-1.png HTTP/1.1[0m" 200 -
INFO:127.0.0.1 - - [03/Jan/2021 01:11:12] "[37mGET /static/images/payment-2.png HTTP/1.1[0m" 200 -
INFO:127.0.0.1 - - [03/Jan/2021 01:11:12] "[37mGET /static/images/payment-3.png HTTP/1.1[0m" 200 -
INFO:127.0.0.1 - - [03/Jan/2021 01:11:12] "[37mGET /static/images/payment-4.png HTTP/1.1[0m" 200 -
INFO:127.0.0.1 - - [03/Jan/2021 01:11:12] "[37mGET /static/images/lines.svg HTTP/1.1[0m" 200 -
INFO:127.0.0.1 - - [03/Jan/2021 01:11:12] "[37mGET /static/images/open_eye.png HTTP/1.1[0m" 200 -
INFO:127.0.0.1 - - [03/Jan/2021 01:11:12] "[37mGET /static/images/background_hero.jpg HTTP/1.1[0m" 200 -
INFO:127.0.0.1 - - [03/Jan/2021 01:11:12] "[37mGET /static/images/dot-repeat.svg HTTP/1.1[0m" 200 -
INFO:127.0.0.1 - - [03/Jan/2021 01:11:12] "[37mGET /static/webfonts/fa-regular-400.woff2 HTTP/1.1[0m" 200 -
INFO:127.0.0.1 - - [03/Jan/2021 01:11:12] "[37mGET /static/webfonts/fa-solid-900.woff2 HTTP/1.1[0m" 200 -
INFO:127.0.0.1 - - [03/Jan/2021 01:11:12] "[37mGET /static/webfonts/fa-brands-400.woff2 HTTP/1.1[0m" 200 -
INFO:127.0.0.1 - - [03/Jan/2021 01:11:12] "[37mGET /login/ HTTP/1.1[0m" 200 -
INFO:127.0.0.1 - - [03/Jan/2021 01:11:12] "[37mGET /static/images/to-top-arrow.png HTTP/1.1[0m" 200 -
INFO:127.0.0.1 - - [03/Jan/2021 01:11:12] "[37mGET /login/ HTTP/1.1[0m" 200 -
